os_sleep at 0x555555556279
